// Jest Snapshot v1, https://goo.gl/fbAQLP

exports[`Typography snapshot 1`] = `
<Typography
  variant="h1"
>
  Alex
</Typography>
`;
